{
  "modules": 16,
  "instances": 342,
  "status": "PASS"
}
{
  "status": "PASS_OFFLINE_PENDING_NATIVE",
  "visual": "PENDING",
  "frozen_files_verified": 36,
  "modules": 16,
  "graph_instances": 342,
  "pins_qsf_csv_verified": 96,
  "dependency_order": [
    "somador_1bit",
    "sm_para_c2",
    "somador_subtrator_6bit",
    "c2_para_sm",
    "negador_c2_6bit",
    "modulo2_soma_sub",
    "comparador_c2_6bit",
    "logica_5bit",
    "decodificador_operacao",
    "mux_resultado_8x6",
    "ula_core",
    "somador_subtrator_5bit",
    "bin_bcd",
    "bcd_7seg",
    "display_decimal_2digitos",
    "ula_de2_115"
  ],
  "pending": [
    "Quartus analyze/convert/native symbol contracts",
    "16 testbenches on newly exported HDL",
    "Full compilation and Fitter pin/resource/warning comparison",
    "Functional mapped netlist simulation",
    "Future visual inspection of 16 BDF"
  ]
}
