Info: *******************************************************************
Info: Running Quartus Prime Analyze Current File
    Info: Version 21.1.0 Build 842 10/21/2021 SJ Lite Edition
    Info: Copyright (C) 2021  Intel Corporation. All rights reserved.
    Info: Your use of Intel Corporation's design tools, logic functions 
    Info: and other software and tools, and any partner logic 
    Info: functions, and any output files from any of the foregoing 
    Info: (including device programming or simulation files), and any 
    Info: associated documentation or information are expressly subject 
    Info: to the terms and conditions of the Intel Program License 
    Info: Subscription Agreement, the Intel Quartus Prime License Agreement,
    Info: the Intel FPGA IP License Agreement, or other applicable license
    Info: agreement, including, without limitation, that your use is for
    Info: the sole purpose of programming logic devices manufactured by
    Info: Intel and sold by Intel or its authorized distributors.  Please
    Info: refer to the applicable agreement for further details, at
    Info: https://fpgasoftware.intel.com/eula.
    Info: Processing started: Wed Sep 30 02:03:14 2026
Info: Command: quartus_map ULA_DE2_115 --analyze_file=modulos/bin_bcd.bdf --part=EP4CE115F29C7
Info (20032): Parallel compilation is enabled and will use up to 4 processors
Info: Quartus Prime Analyze Current File was successful. 0 errors, 0 warnings
    Info: Peak virtual memory: 4729 megabytes
    Info: Processing ended: Wed Sep 30 02:03:21 2026
    Info: Elapsed time: 00:00:07
    Info: Total CPU time (on all processors): 00:00:01
TBBmalloc: skip allocation functions replacement in ucrtbase.dll: unknown prologue for function _msize
