TBBmalloc: skip allocation functions replacement in ucrtbase.dll: unknown prologue for function _msize
Info: *******************************************************************
Info: Running Quartus Prime Functional Simulation Netlist Generation
    Info: Version 21.1.0 Build 842 10/21/2021 SJ Lite Edition
    Info: Copyright (C) 2021  Intel Corporation. All rights reserved.
    Info: Your use of Intel Corporation's design tools, logic functions 
    Info: and other software and tools, and any partner logic 
    Info: functions, and any output files from any of the foregoing 
    Info: (including device programming or simulation files), and any 
    Info: associated documentation or information are expressly subject 
    Info: to the terms and conditions of the Intel Program License 
    Info: Subscription Agreement, the Intel Quartus Prime License Agreement,
    Info: the Intel FPGA IP License Agreement, or other applicable license
    Info: agreement, including, without limitation, that your use is for
    Info: the sole purpose of programming logic devices manufactured by
    Info: Intel and sold by Intel or its authorized distributors.  Please
    Info: refer to the applicable agreement for further details, at
    Info: https://fpgasoftware.intel.com/eula.
    Info: Processing started: Wed Sep 30 02:09:04 2026
Info: Command: quartus_map ULA_DE2_115 --generate_functional_sim_netlist
Error (281041): Quartus Prime Simulator does not support device family Cyclone IV E
Error: Quartus Prime Functional Simulation Netlist Generation was unsuccessful. 1 error, 0 warnings
    Error: Peak virtual memory: 4706 megabytes
    Error: Processing ended: Wed Sep 30 02:09:05 2026
    Error: Elapsed time: 00:00:01
    Error: Total CPU time (on all processors): 00:00:00
